[18:34:58] [ServerMain/INFO]: [bootstrap] Running Java 21 (OpenJDK 64-Bit Server VM 21.0.11+10-1-24.04.2-Ubuntu; Ubuntu null) on Linux 6.8.0-1052-azure (amd64)
[18:34:58] [ServerMain/INFO]: [bootstrap] Loading Paper 1.21.10-117-ver/1.21.10@df4b668 (2025-11-30T22:37:28Z) for Minecraft 1.21.10
[18:34:58] [ServerMain/INFO]: [PluginInitializerManager] Initializing plugins...
[18:35:03] [ServerMain/INFO]: [PluginInitializerManager] Initialized 10 plugins
[18:35:03] [ServerMain/INFO]: [PluginInitializerManager] Bukkit plugins (10):
 - BedrockPlayerManager (1.4), ClearLag (3.2.2), Geyser-Spigot (2.11.1-SNAPSHOT), GeyserSkinManager (1.7), NBTAPI (2.16.0), ViaBackwards (5.12.0-SNAPSHOT), ViaRewind (4.1.3), ViaVersion (5.11.0), WolfyUtilities (4.19.1.2), floodgate (2.2.5-SNAPSHOT (b140-8780fa4))
[18:35:09] [ServerMain/INFO]: Environment: Environment[sessionHost=https://sessionserver.mojang.com, servicesHost=https://api.minecraftservices.com, profilesHost=https://api.mojang.com, name=PROD]
[18:35:11] [ServerMain/INFO]: Loaded 1461 recipes
[18:35:11] [ServerMain/INFO]: Loaded 1574 advancements
[18:35:11] [ServerMain/INFO]: [ca.spottedleaf.dataconverter.minecraft.datatypes.MCTypeRegistry] Initialising converters for DataConverter...
[18:35:12] [ServerMain/INFO]: [ca.spottedleaf.dataconverter.minecraft.datatypes.MCTypeRegistry] Finished initialising converters for DataConverter in 409.7ms
[18:35:12] [Server thread/INFO]: Starting minecraft server version 1.21.10
[18:35:12] [Server thread/INFO]: Loading properties
[18:35:12] [Server thread/INFO]: This server is running Paper version 1.21.10-117-ver/1.21.10@df4b668 (2025-11-30T22:37:28Z) (Implementing API version 1.21.10-R0.1-SNAPSHOT)
[18:35:12] [Server thread/INFO]: [spark] This server bundles the spark profiler. For more information please visit https://docs.papermc.io/paper/profiling
[18:35:12] [Server thread/INFO]: Server Ping Player Sample Count: 12
[18:35:12] [Server thread/INFO]: Using 4 threads for Netty based IO
[18:35:13] [Server thread/INFO]: [MoonriseCommon] Paper is using 1 worker threads, 1 I/O threads
[18:35:13] [Server thread/INFO]: Default game type: SURVIVAL
[18:35:13] [Server thread/INFO]: Generating keypair
[18:35:13] [Server thread/INFO]: Starting Minecraft server on *:25565
[18:35:13] [Server thread/INFO]: Using epoll channel type
[18:35:13] [Server thread/INFO]: Paper: Using libdeflate (Linux x86_64) compression from Velocity.
[18:35:13] [Server thread/INFO]: Paper: Using OpenSSL 3.x.x (Linux x86_64) cipher from Velocity.
[18:35:14] [Server thread/INFO]: [SpigotLibraryLoader] [WolfyUtilities] Loading 3 libraries... please wait
[18:35:16] [Server thread/INFO]: [SpigotLibraryLoader] [WolfyUtilities] Loaded library /workspaces/minecraft-serv/servidor_minecraft/libraries/com/google/inject/guice/5.1.0/guice-5.1.0.jar
[18:35:16] [Server thread/INFO]: [SpigotLibraryLoader] [WolfyUtilities] Loaded library /workspaces/minecraft-serv/servidor_minecraft/libraries/javax/inject/javax.inject/1/javax.inject-1.jar
[18:35:16] [Server thread/INFO]: [SpigotLibraryLoader] [WolfyUtilities] Loaded library /workspaces/minecraft-serv/servidor_minecraft/libraries/aopalliance/aopalliance/1.0/aopalliance-1.0.jar
[18:35:16] [Server thread/INFO]: [SpigotLibraryLoader] [WolfyUtilities] Loaded library /workspaces/minecraft-serv/servidor_minecraft/libraries/com/google/guava/guava/30.1-jre/guava-30.1-jre.jar
[18:35:16] [Server thread/INFO]: [SpigotLibraryLoader] [WolfyUtilities] Loaded library /workspaces/minecraft-serv/servidor_minecraft/libraries/com/google/guava/failureaccess/1.0.1/failureaccess-1.0.1.jar
[18:35:16] [Server thread/INFO]: [SpigotLibraryLoader] [WolfyUtilities] Loaded library /workspaces/minecraft-serv/servidor_minecraft/libraries/com/google/guava/listenablefuture/9999.0-empty-to-avoid-conflict-with-guava/listenablefuture-9999.0-empty-to-avoid-conflict-with-guava.jar
[18:35:16] [Server thread/INFO]: [SpigotLibraryLoader] [WolfyUtilities] Loaded library /workspaces/minecraft-serv/servidor_minecraft/libraries/com/google/code/findbugs/jsr305/3.0.2/jsr305-3.0.2.jar
[18:35:16] [Server thread/INFO]: [SpigotLibraryLoader] [WolfyUtilities] Loaded library /workspaces/minecraft-serv/servidor_minecraft/libraries/org/checkerframework/checker-qual/3.5.0/checker-qual-3.5.0.jar
[18:35:16] [Server thread/INFO]: [SpigotLibraryLoader] [WolfyUtilities] Loaded library /workspaces/minecraft-serv/servidor_minecraft/libraries/com/google/errorprone/error_prone_annotations/2.3.4/error_prone_annotations-2.3.4.jar
[18:35:16] [Server thread/INFO]: [SpigotLibraryLoader] [WolfyUtilities] Loaded library /workspaces/minecraft-serv/servidor_minecraft/libraries/com/google/j2objc/j2objc-annotations/1.3/j2objc-annotations-1.3.jar
[18:35:16] [Server thread/INFO]: [SpigotLibraryLoader] [WolfyUtilities] Loaded library /workspaces/minecraft-serv/servidor_minecraft/libraries/org/apache/commons/commons-lang3/3.12.0/commons-lang3-3.12.0.jar
[18:35:16] [Server thread/INFO]: [SpigotLibraryLoader] [WolfyUtilities] Loaded library /workspaces/minecraft-serv/servidor_minecraft/libraries/it/unimi/dsi/fastutil/8.5.6/fastutil-8.5.6.jar
[18:35:18] [Server thread/INFO]: [me.wolfyscript.lib.org.reflections.Reflections] Reflections took 390 ms to scan 1 urls, producing 916 keys and 3327 values
[18:35:18] [Server thread/INFO]: [WolfyUtilities] Register Default StackIdentifiers
[18:35:18] [Server thread/INFO]: [floodgate] Loading server plugin floodgate v2.2.5-SNAPSHOT (b140-8780fa4)
[18:35:19] [Server thread/WARN]: [floodgate] en_ is not a supported Floodgate language.
[18:35:19] [Server thread/INFO]: [floodgate] Took 1,151ms to boot Floodgate
[18:35:19] [Server thread/INFO]: [ViaVersion] Loading server plugin ViaVersion v5.11.0
[18:35:19] [Server thread/INFO]: [ViaVersion] ViaVersion 5.11.0 is now loaded. Registering protocol transformers and injecting...
[18:35:20] [Server thread/ERROR]: [ViaBackwards] ================================
[18:35:20] [Server thread/ERROR]: [ViaBackwards] YOUR VIAVERSION IS OUTDATED (you are running 5.11.0)
[18:35:20] [Server thread/ERROR]: [ViaBackwards] PLEASE USE VIAVERSION 5.12.0 OR NEWER
[18:35:20] [Server thread/ERROR]: [ViaBackwards] LINK: https://ci.viaversion.com/
[18:35:20] [Server thread/ERROR]: [ViaBackwards] VIABACKWARDS WILL NOW DISABLE
[18:35:20] [Server thread/ERROR]: [ViaBackwards] ================================
[18:35:20] [Server thread/INFO]: [ViaRewind] Registering protocols...
[18:35:20] [Server thread/INFO]: [Geyser-Spigot] Loading server plugin Geyser-Spigot v2.11.1-SNAPSHOT
[18:35:20] [Server thread/INFO]: [Geyser-Spigot] Loading extensions...
[18:35:20] [Server thread/INFO]: [Geyser-Spigot] Loaded 0 extension(s)
[18:35:20] [Server thread/INFO]: [ViaBackwards] Loading server plugin ViaBackwards v5.12.0-SNAPSHOT
[18:35:20] [Server thread/INFO]: [NBTAPI] Loading server plugin NBTAPI v2.16.0
[18:35:20] [Server thread/INFO]: [NBTAPI] [NBTAPI] Found Minecraft: 1.21.10! Trying to find NMS support
[18:35:20] [Server thread/INFO]: [NBTAPI] [NBTAPI] NMS support 'MC1_21_R6' loaded!
[18:35:20] [Server thread/INFO]: [NBTAPI] [NBTAPI] Using the plugin 'NBTAPI' to create a bStats instance!
[18:35:20] [Server thread/INFO]: [GeyserSkinManager] Loading server plugin GeyserSkinManager v1.7
[18:35:20] [Server thread/INFO]: [BedrockPlayerManager] Loading server plugin BedrockPlayerManager v1.4
[18:35:20] [Server thread/INFO]: [ViaRewind] Loading server plugin ViaRewind v4.1.3
[18:35:20] [Server thread/INFO]: [ClearLag] Loading server plugin ClearLag v3.2.2
[18:35:20] [Server thread/INFO]: [WolfyUtilities] Loading server plugin WolfyUtilities v4.19.1.2
[18:35:20] [Server thread/INFO]: [WolfyUtilities] Register JSON de-/serializers
[18:35:20] [Server thread/INFO]: [WolfyUtilities] Register JSON Operators
[18:35:20] [Server thread/INFO]: [WolfyUtilities] Register JSON Value Providers
[18:35:20] [Server thread/INFO]: [WolfyUtilities] Register CustomItem NBT Checks
[18:35:20] [Server thread/INFO]: [WolfyUtilities] Register CustomItem Actions
[18:35:20] [Server thread/INFO]: [WolfyUtilities] Register CustomItem Events
[18:35:20] [Server thread/INFO]: [WolfyUtilities] Register Particle Animators
[18:35:20] [Server thread/INFO]: [WolfyUtilities] Register Particle Shapes
[18:35:20] [Server thread/INFO]: [WolfyUtilities] Register Particle Timers
[18:35:20] [Server thread/INFO]: [WolfyUtilities] Register Custom Block Data
[18:35:20] [Server thread/INFO]: [WolfyUtilities] Register Custom Player Data
[18:35:20] [Server thread/INFO]: [WolfyUtilities] Register NBT Query Nodes
[18:35:20] [Server thread/INFO]: Server permissions file permissions.yml is empty, ignoring it
[18:35:20] [Server thread/INFO]: [ViaRewind] Enabling ViaRewind v4.1.3
[18:35:20] [Server thread/INFO]: [WolfyUtilities] Enabling WolfyUtilities v4.19.1.2
[18:35:20] [Server thread/INFO]: [WolfyUtilities] Minecraft version: 1.21.10
[18:35:20] [Server thread/INFO]: [WolfyUtilities] WolfyUtils version: 4.19.1.2
[18:35:20] [Server thread/INFO]: [WolfyUtilities] Environment: PROD
[18:35:20] [Server thread/INFO]: [WolfyUtilities] Loading Plugin integrations: 
[18:35:20] [Server thread/INFO]: [WolfyUtilities]  - No integrations found
[18:35:20] [Server thread/INFO]: [WolfyUtilities] Register API references
[18:35:20] [Thread-5/INFO]: [NBTAPI] [NBTAPI] The NBT-API seems to be up-to-date!
[18:35:21] [Server thread/INFO]: [WolfyUtilities] Loading Creative Mode Tabs
[18:35:21] [Server thread/WARN]: **** SERVER IS RUNNING IN OFFLINE/INSECURE MODE!
[18:35:21] [Server thread/WARN]: The server will make no attempt to authenticate usernames. Beware.
[18:35:21] [Server thread/WARN]: While this makes the game possible to play without internet access, it also opens up the ability for hackers to connect with any username they choose.
[18:35:21] [Server thread/WARN]: To change this, set "online-mode" to "true" in the server.properties file.
[18:35:21] [Server thread/INFO]: Preparing level "world"
[18:35:21] [Server thread/INFO]: Loading 0 persistent chunks for world 'minecraft:overworld'...
[18:35:21] [Server thread/INFO]: Preparing spawn area: 100%
[18:35:21] [Server thread/INFO]: Prepared spawn area in 3 ms
[18:35:21] [Server thread/INFO]: Loading 0 persistent chunks for world 'minecraft:the_nether'...
[18:35:21] [Server thread/INFO]: Preparing spawn area: 100%
[18:35:21] [Server thread/INFO]: Prepared spawn area in 1 ms
[18:35:21] [Server thread/INFO]: Loading 0 persistent chunks for world 'minecraft:the_end'...
[18:35:21] [Server thread/INFO]: Preparing spawn area: 100%
[18:35:21] [Server thread/INFO]: Prepared spawn area in 1 ms
[18:35:21] [Server thread/INFO]: Done preparing level "world" (0.523s)
[18:35:21] [Server thread/INFO]: [floodgate] Enabling floodgate v2.2.5-SNAPSHOT (b140-8780fa4)
[18:35:22] [Server thread/INFO]: [ViaVersion] Enabling ViaVersion v5.11.0
[18:35:22] [Server thread/INFO]: [ViaVersion] ViaVersion detected server version: 1.21.9-1.21.10 (773)
[18:35:22] [Server thread/INFO]: [Geyser-Spigot] Enabling Geyser-Spigot v2.11.1-SNAPSHOT
[18:35:23] [Server thread/INFO]: [ViaBackwards] Enabling ViaBackwards v5.12.0-SNAPSHOT
[18:35:23] [Server thread/INFO]: [NBTAPI] Enabling NBTAPI v2.16.0
[18:35:23] [Server thread/INFO]: [NBTAPI] Checking bindings...
[18:35:23] [Server thread/INFO]: [NBTAPI] All Classes were able to link!
[18:35:23] [Server thread/INFO]: [NBTAPI] All Methods were able to link!
[18:35:23] [Server thread/INFO]: [NBTAPI] Running NBT reflection test...
[18:35:25] [Server thread/INFO]: [NBTAPI] Success! This version of NBT-API is compatible with your server.
[18:35:25] [Server thread/INFO]: [GeyserSkinManager] Enabling GeyserSkinManager v1.7
[18:35:26] [Server thread/WARN]: [GeyserSkinManager] Floodgate found on the server! Disabling skin services and only running mod interactions.
[18:35:26] [Server thread/INFO]: [BedrockPlayerManager] Enabling BedrockPlayerManager v1.4
[18:35:26] [Server thread/WARN]: [BedrockPlayerManager]: PlaceholderAPI plugin not found! Install the missing plugin or set PlaceholderAPI to false in your config.yml!
[18:35:26] [Server thread/INFO]: [ClearLag] Enabling ClearLag v3.2.2
[18:35:26] [Server thread/INFO]: [ClearLag] Using version-adapter: LatestVersionAdapter
[18:35:26] [Server thread/INFO]: [ClearLag] Loading modules...
[18:35:26] [Server thread/WARN]: [ClearLag] Clearlag failed to use the internal TPS tracker during initialization. Reverted to estimation... (Index 3 out of bounds for length 3)
[18:35:26] [Server thread/INFO]: [ClearLag] Modules enabed, loading config values
[18:35:26] [Server thread/INFO]: [ClearLag] Modules have been loaded!
[18:35:26] [Server thread/INFO]: [ClearLag] Clearlag is now enabled!
[18:35:26] [Thread-6/WARN]: [ClearLag] Clearlag failed to check for updates - bukkit may be down
[18:35:26] [Thread-6/WARN]: java.lang.ArrayIndexOutOfBoundsException: Index 3 out of bounds for length 3
[18:35:26] [Thread-6/WARN]: 	at Clearlag.jar//me.minebuilders.clearlag.Util.getBukkitVersion(Util.java:105)
[18:35:26] [Thread-6/WARN]: 	at Clearlag.jar//me.minebuilders.clearlag.BukkitUpdater.updateAvailable(BukkitUpdater.java:32)
[18:35:26] [Thread-6/WARN]: 	at Clearlag.jar//me.minebuilders.clearlag.BukkitUpdater.run(BukkitUpdater.java:82)
[18:35:26] [Thread-6/WARN]: 	at java.base/java.lang.Thread.run(Thread.java:1583)
[18:35:26] [Server thread/INFO]: [spark] Starting background profiler...
[18:35:27] [Server thread/INFO]: [Geyser-Spigot] ******************************************
[18:35:27] [Server thread/INFO]: [Geyser-Spigot] 
[18:35:27] [Server thread/INFO]: [Geyser-Spigot] Loading Geyser version 2.11.1-b1217 (git-master-a00e4aa)
[18:35:27] [Server thread/INFO]: [Geyser-Spigot] 
[18:35:27] [Server thread/INFO]: [Geyser-Spigot] ******************************************
[18:35:28] [Server thread/INFO]: [Geyser-Spigot] Registered 199 custom block overrides.
[18:35:28] [Server thread/INFO]: [Geyser-Spigot] Registered 2 custom block item overrides.
[18:35:28] [Server thread/INFO]: [Geyser-Spigot] Registered 7 custom blocks.
[18:35:30] [Server thread/INFO]: [Geyser-Spigot] Registered 1 custom items
[18:35:31] [GeyserServer-3-1/INFO]: [Geyser-Spigot] Started Geyser on UDP port 19132
[18:35:31] [Server thread/INFO]: [Geyser-Spigot] Done (4.478s)! Run /geyser help for help!
[18:35:32] [Server thread/INFO]: Running delayed init tasks
[18:35:32] [Server thread/INFO]: Done (35.113s)! For help, type "help"
[18:35:32] [Craft Scheduler Thread - 2 - ViaVersion/INFO]: [ViaVersion] Finished mapping loading, shutting down loader executor.
[19:01:18] [GeyserServerChild-4-1/INFO]: [Geyser-Spigot] Bedrock user with ip: /10.156.50.52 has disconnected for reason Outdated Bedrock client! This server supports the following Bedrock versions: 26.0, 26.1, 26.2, 26.3, 26.10, 26.20, 26.21, 26.22, 26.23, 26.30, 26.31, 26.32, 26.33, 26.34, 26.40
[19:03:55] [GeyserServerChild-4-2/INFO]: [Geyser-Spigot] Bedrock user with ip: /10.156.50.52 has disconnected for reason Outdated Geyser proxy! This server supports the following Bedrock versions: 26.0, 26.1, 26.2, 26.3, 26.10, 26.20, 26.21, 26.22, 26.23, 26.30, 26.31, 26.32, 26.33, 26.34, 26.40
[19:14:45] [User Authenticator #0/INFO]: UUID of player Adams is db0d342e-345b-3e23-acf1-2b06a5aef66e
[19:14:47] [Server thread/INFO]: Adams joined the game
[19:14:47] [Server thread/INFO]: Adams[/10.156.50.9:41842] logged in with entity id 74 at ([world]-9.336792057183517, 64.0, 39.511577275652755)
[19:23:05] [GeyserServerChild-4-3/INFO]: [Geyser-Spigot] Player connected with username Adamssancan1 (975)
[19:23:05] [localSession-7-2/INFO]: [Geyser-Spigot] Adamssancan1 (logged in as: Adamssancan1) has connected to the Java server
[19:23:05] [Server thread/ERROR]: Could not pass event PlayerJoinEvent to GeyserSkinManager v1.7
java.lang.NoSuchMethodError: 'java.lang.String org.geysermc.geyser.session.auth.BedrockClientData.getSkinData()'
	at GeyserSkinManager-Spigot.jar/com.github.camotoy.geyserskinmanager.common.skinretriever.GeyserSkinRetriever.getImage(GeyserSkinRetriever.java:67) ~[GeyserSkinManager-Spigot.jar:?]
	at GeyserSkinManager-Spigot.jar/com.github.camotoy.geyserskinmanager.common.skinretriever.GeyserSkinRetriever.getBedrockSkin(GeyserSkinRetriever.java:55) ~[GeyserSkinManager-Spigot.jar:?]
	at GeyserSkinManager-Spigot.jar/com.github.camotoy.geyserskinmanager.spigot.listener.PaperEventListener.onPlayerJoin(PaperEventListener.java:30) ~[GeyserSkinManager-Spigot.jar:?]
	at co.aikar.timings.TimedEventExecutor.execute(TimedEventExecutor.java:80) ~[paper-api-1.21.10-R0.1-SNAPSHOT.jar:?]
	at org.bukkit.plugin.RegisteredListener.callEvent(RegisteredListener.java:71) ~[paper-api-1.21.10-R0.1-SNAPSHOT.jar:?]
	at io.papermc.paper.plugin.manager.PaperEventManager.callEvent(PaperEventManager.java:54) ~[paper-1.21.10.jar:1.21.10-117-df4b668]
	at io.papermc.paper.plugin.manager.PaperPluginManagerImpl.callEvent(PaperPluginManagerImpl.java:131) ~[paper-1.21.10.jar:1.21.10-117-df4b668]
	at org.bukkit.plugin.SimplePluginManager.callEvent(SimplePluginManager.java:628) ~[paper-api-1.21.10-R0.1-SNAPSHOT.jar:?]
	at net.minecraft.server.players.PlayerList.placeNewPlayer(PlayerList.java:236) ~[paper-1.21.10.jar:1.21.10-117-df4b668]
	at net.minecraft.server.network.config.PrepareSpawnTask$Ready.spawn(PrepareSpawnTask.java:313) ~[paper-1.21.10.jar:1.21.10-117-df4b668]
	at net.minecraft.server.network.config.PrepareSpawnTask.spawnPlayer(PrepareSpawnTask.java:139) ~[paper-1.21.10.jar:1.21.10-117-df4b668]
	at net.minecraft.server.network.ServerConfigurationPacketListenerImpl.handleConfigurationFinished(ServerConfigurationPacketListenerImpl.java:210) ~[paper-1.21.10.jar:1.21.10-117-df4b668]
	at net.minecraft.network.protocol.configuration.ServerboundFinishConfigurationPacket.handle(ServerboundFinishConfigurationPacket.java:22) ~[paper-1.21.10.jar:1.21.10-117-df4b668]
	at net.minecraft.network.protocol.configuration.ServerboundFinishConfigurationPacket.handle(ServerboundFinishConfigurationPacket.java:8) ~[paper-1.21.10.jar:1.21.10-117-df4b668]
	at net.minecraft.network.PacketProcessor$ListenerAndPacket.handle(PacketProcessor.java:99) ~[paper-1.21.10.jar:1.21.10-117-df4b668]
	at net.minecraft.network.PacketProcessor.executeSinglePacket(PacketProcessor.java:33) ~[paper-1.21.10.jar:1.21.10-117-df4b668]
	at net.minecraft.server.MinecraftServer.pollTask(MinecraftServer.java:1511) ~[paper-1.21.10.jar:1.21.10-117-df4b668]
	at net.minecraft.server.MinecraftServer.recordTaskExecutionTimeWhileWaiting(MinecraftServer.java:1229) ~[paper-1.21.10.jar:1.21.10-117-df4b668]
	at net.minecraft.server.MinecraftServer.runServer(MinecraftServer.java:1352) ~[paper-1.21.10.jar:1.21.10-117-df4b668]
	at net.minecraft.server.MinecraftServer.lambda$spin$2(MinecraftServer.java:384) ~[paper-1.21.10.jar:1.21.10-117-df4b668]
	at java.base/java.lang.Thread.run(Thread.java:1583) ~[?:?]
[19:23:05] [Server thread/INFO]: [floodgate] Floodgate player logged in as .Adamssancan1 joined (UUID: 00000000-0000-0000-0009-01f906670bd9)
[19:23:05] [Server thread/INFO]: .Adamssancan1 joined the game
[19:23:05] [Server thread/INFO]: .Adamssancan1[/10.156.50.187:0] logged in with entity id 1057 at ([world]-22.5, 69.0, 24.5)
[19:24:15] [Server thread/INFO]: .Adamssancan1 was slain by Adams
[19:25:16] [Async Chat Thread - #1/INFO]: [Not Secure] <.Adamssancan1> hola
[19:25:29] [Async Chat Thread - #1/INFO]: [Not Secure] <Adams> hola
[19:25:33] [Server thread/INFO]: Adams lost connection: Disconnected
[19:25:33] [Server thread/INFO]: Adams left the game
[19:25:36] [User Authenticator #1/INFO]: UUID of player Adams is db0d342e-345b-3e23-acf1-2b06a5aef66e
[19:25:37] [Server thread/INFO]: Adams joined the game
[19:25:37] [Server thread/INFO]: Adams[/10.156.50.9:42864] logged in with entity id 1349 at ([world]-15.355364498310069, 67.0, 20.945717542577952)
[19:25:47] [GeyserServerChild-4-3/INFO]: [Geyser-Spigot] Adamssancan1 has disconnected from the Java server because of Bedrock client disconnected
[19:25:47] [Geyser Spigot connection thread-6-3/INFO]: [floodgate] Floodgate player logged in as .Adamssancan1 disconnected
[19:25:47] [Server thread/INFO]: .Adamssancan1 lost connection: Disconnected
[19:25:47] [Server thread/INFO]: .Adamssancan1 left the game
[19:32:43] [Server thread/INFO]: Adams was slain by Zombie
[19:45:08] [Server thread/INFO]: Adams was slain by Zombie
[19:54:03] [Server thread/INFO]: Adams was slain by Husk
